Overriding existing handler for signal 10. Set JSC_SIGNAL_FOR_GC if you want WebKit to use a different signal
MESA-INTEL: warning: ../src/intel/vulkan/anv_formats.c:981: FINISHME: support more multi-planar formats with DRM modifiers
MESA-INTEL: warning: ../src/intel/vulkan/anv_formats.c:949: FINISHME: support YUV colorspace with DRM format modifiers
[DEBUG] Fetching favicon for CURRENT tab: https://duckduckgo.com/
